2025-07-23 18:04:43,705 INFO Processing batch 1 of 1
2025-07-23 18:04:43,848 INFO Waiting 2.11 seconds before next request
2025-07-23 18:04:43,849 INFO Waiting 2.24 seconds before next request
2025-07-23 18:04:43,849 INFO Waiting 2.35 seconds before next request
2025-07-23 18:04:45,967 INFO Request count in current window: 1/30
2025-07-23 18:04:46,089 INFO Request count in current window: 2/30
2025-07-23 18:04:46,200 INFO Request count in current window: 3/30
2025-07-23 18:04:46,887 ERROR Unexpected error for profile/MSFT: Invalid FMP API key
2025-07-23 18:04:46,888 WARNING Connection pool is full, discarding connection: financialmodelingprep.com. Connection pool size: 1
2025-07-23 18:04:46,889 INFO Waiting 2.97 seconds before next request
2025-07-23 18:04:46,889 WARNING Connection pool is full, discarding connection: financialmodelingprep.com. Connection pool size: 1
2025-07-23 18:04:46,889 ERROR Unexpected error for profile/GOOGL: Invalid FMP API key
2025-07-23 18:04:46,889 ERROR Unexpected error for profile/AAPL: Invalid FMP API key
2025-07-23 18:04:46,889 INFO Waiting 2.53 seconds before next request
2025-07-23 18:04:46,890 INFO Waiting 2.00 seconds before next request
2025-07-23 18:04:48,898 INFO Request count in current window: 4/30
2025-07-23 18:04:49,098 ERROR Unexpected error for balance-sheet-statement/AAPL: Invalid FMP API key
2025-07-23 18:04:49,099 INFO Waiting 2.38 seconds before next request
2025-07-23 18:04:49,426 INFO Request count in current window: 5/30
2025-07-23 18:04:49,612 ERROR Unexpected error for balance-sheet-statement/GOOGL: Invalid FMP API key
2025-07-23 18:04:49,612 INFO Waiting 2.78 seconds before next request
2025-07-23 18:04:49,864 INFO Request count in current window: 6/30
2025-07-23 18:04:50,062 ERROR Unexpected error for balance-sheet-statement/MSFT: Invalid FMP API key
2025-07-23 18:04:50,063 INFO Waiting 2.13 seconds before next request
2025-07-23 18:04:51,481 INFO Request count in current window: 7/30
2025-07-23 18:04:51,681 ERROR Unexpected error for income-statement/AAPL: Invalid FMP API key
2025-07-23 18:04:51,682 INFO Waiting 2.45 seconds before next request
2025-07-23 18:04:52,197 INFO Request count in current window: 8/30
2025-07-23 18:04:52,385 ERROR Unexpected error for income-statement/MSFT: Invalid FMP API key
2025-07-23 18:04:52,385 INFO Waiting 2.21 seconds before next request
2025-07-23 18:04:52,394 INFO Request count in current window: 9/30
2025-07-23 18:04:52,575 ERROR Unexpected error for income-statement/GOOGL: Invalid FMP API key
2025-07-23 18:04:52,576 INFO Waiting 2.74 seconds before next request
2025-07-23 18:04:54,137 INFO Request count in current window: 10/30
2025-07-23 18:04:54,603 INFO Request count in current window: 11/30
2025-07-23 18:04:55,235 ERROR Unexpected error for cash-flow-statement/MSFT: Invalid FMP API key
2025-07-23 18:04:55,235 INFO Waiting 2.29 seconds before next request
2025-07-23 18:04:55,316 INFO Request count in current window: 12/30
2025-07-23 18:04:55,625 ERROR Unexpected error for cash-flow-statement/AAPL: Invalid FMP API key
2025-07-23 18:04:55,625 INFO Waiting 2.68 seconds before next request
2025-07-23 18:04:55,838 WARNING Connection pool is full, discarding connection: financialmodelingprep.com. Connection pool size: 1
2025-07-23 18:04:55,838 ERROR Unexpected error for cash-flow-statement/GOOGL: Invalid FMP API key
2025-07-23 18:04:55,838 INFO Waiting 2.60 seconds before next request
2025-07-23 18:04:57,532 INFO Request count in current window: 13/30
2025-07-23 18:04:57,723 ERROR Unexpected error for key-metrics-ttm/MSFT: Invalid FMP API key
2025-07-23 18:04:57,724 INFO Waiting 2.52 seconds before next request
2025-07-23 18:04:58,306 INFO Request count in current window: 14/30
2025-07-23 18:04:58,440 INFO Request count in current window: 15/30
2025-07-23 18:04:58,503 ERROR Unexpected error for key-metrics-ttm/AAPL: Invalid FMP API key
2025-07-23 18:04:58,503 INFO Waiting 2.76 seconds before next request
2025-07-23 18:05:00,248 INFO Request count in current window: 16/30
2025-07-23 18:05:00,448 ERROR Unexpected error for ratios-ttm/MSFT: Invalid FMP API key
2025-07-23 18:05:00,449 INFO Waiting 2.25 seconds before next request
2025-07-23 18:05:01,263 INFO Request count in current window: 17/30
2025-07-23 18:05:01,443 ERROR Unexpected error for ratios-ttm/AAPL: Invalid FMP API key
2025-07-23 18:05:01,444 INFO Waiting 2.91 seconds before next request
2025-07-23 18:05:02,702 INFO Request count in current window: 18/30
2025-07-23 18:05:02,881 ERROR Unexpected error for market-sentiment/MSFT: Invalid FMP API key
2025-07-23 18:05:02,882 INFO Waiting 2.17 seconds before next request
2025-07-23 18:05:04,355 INFO Request count in current window: 19/30
2025-07-23 18:05:04,484 ERROR Unexpected error for key-metrics-ttm/GOOGL: Invalid FMP API key
2025-07-23 18:05:04,484 INFO Waiting 2.43 seconds before next request
2025-07-23 18:05:04,533 WARNING Connection pool is full, discarding connection: financialmodelingprep.com. Connection pool size: 1
2025-07-23 18:05:04,534 ERROR Unexpected error for market-sentiment/AAPL: Invalid FMP API key
2025-07-23 18:05:04,534 INFO Waiting 2.57 seconds before next request
2025-07-23 18:05:05,057 INFO Request count in current window: 20/30
2025-07-23 18:05:05,236 ERROR Unexpected error for financial-growth-ttm/MSFT: Invalid FMP API key
2025-07-23 18:05:05,237 ERROR Error fetching data for MSFT: 'NoneType' object is not subscriptable
2025-07-23 18:05:05,241 INFO Waiting 2.68 seconds before next request
2025-07-23 18:05:06,919 INFO Request count in current window: 21/30
2025-07-23 18:05:07,100 ERROR Unexpected error for ratios-ttm/GOOGL: Invalid FMP API key
2025-07-23 18:05:07,101 INFO Waiting 2.10 seconds before next request
2025-07-23 18:05:07,104 INFO Request count in current window: 22/30
2025-07-23 18:05:07,291 ERROR Unexpected error for financial-growth-ttm/AAPL: Invalid FMP API key
2025-07-23 18:05:07,291 ERROR Error fetching data for AAPL: 'NoneType' object is not subscriptable
2025-07-23 18:05:07,292 INFO Waiting 2.70 seconds before next request
2025-07-23 18:05:07,926 INFO Request count in current window: 23/30
2025-07-23 18:05:08,108 ERROR Unexpected error for profile/AMZN: Invalid FMP API key
2025-07-23 18:05:08,109 INFO Waiting 2.99 seconds before next request
2025-07-23 18:05:09,202 INFO Request count in current window: 24/30
2025-07-23 18:05:09,376 ERROR Unexpected error for market-sentiment/GOOGL: Invalid FMP API key
2025-07-23 18:05:09,377 INFO Waiting 2.28 seconds before next request
2025-07-23 18:05:09,991 INFO Request count in current window: 25/30
2025-07-23 18:05:10,174 ERROR Unexpected error for profile/TSLA: Invalid FMP API key
2025-07-23 18:05:10,175 INFO Waiting 2.84 seconds before next request
2025-07-23 18:05:11,106 INFO Request count in current window: 26/30
2025-07-23 18:05:11,312 ERROR Unexpected error for balance-sheet-statement/AMZN: Invalid FMP API key
2025-07-23 18:05:11,313 INFO Waiting 2.34 seconds before next request
2025-07-23 18:05:11,665 INFO Request count in current window: 27/30
2025-07-23 18:05:11,847 ERROR Unexpected error for financial-growth-ttm/GOOGL: Invalid FMP API key
2025-07-23 18:05:11,847 ERROR Error fetching data for GOOGL: 'NoneType' object is not subscriptable
2025-07-23 18:05:13,020 INFO Request count in current window: 28/30
2025-07-23 18:05:13,198 ERROR Unexpected error for balance-sheet-statement/TSLA: Invalid FMP API key
2025-07-23 18:05:13,198 INFO Waiting 2.03 seconds before next request
2025-07-23 18:05:13,654 INFO Request count in current window: 29/30
2025-07-23 18:05:13,846 ERROR Unexpected error for income-statement/AMZN: Invalid FMP API key
2025-07-23 18:05:13,847 INFO Waiting 2.01 seconds before next request
2025-07-23 18:05:15,236 INFO Request count in current window: 30/30
2025-07-23 18:05:15,458 ERROR Unexpected error for income-statement/TSLA: Invalid FMP API key
2025-07-23 18:05:15,459 WARNING Rate limit reached, sleeping 22.91 seconds
2025-07-23 18:05:15,859 INFO Request count in current window: 31/30
2025-07-23 18:05:16,036 ERROR Unexpected error for cash-flow-statement/AMZN: Invalid FMP API key
2025-07-23 18:05:16,036 WARNING Rate limit reached, sleeping 22.34 seconds
2025-07-23 18:05:38,379 INFO Cooldown complete
2025-07-23 18:05:38,381 INFO Cooldown complete
2025-07-23 18:05:38,382 INFO Waiting 2.81 seconds before next request
2025-07-23 18:05:38,382 INFO Waiting 2.04 seconds before next request
2025-07-23 18:05:40,426 INFO Request count in current window: 1/30
2025-07-23 18:05:40,623 ERROR Unexpected error for cash-flow-statement/TSLA: Invalid FMP API key
2025-07-23 18:05:40,623 INFO Waiting 2.25 seconds before next request
2025-07-23 18:05:41,201 INFO Request count in current window: 2/30
2025-07-23 18:05:41,405 ERROR Unexpected error for key-metrics-ttm/AMZN: Invalid FMP API key
2025-07-23 18:05:41,406 INFO Waiting 2.48 seconds before next request
2025-07-23 18:05:42,878 INFO Request count in current window: 3/30
2025-07-23 18:05:43,063 ERROR Unexpected error for key-metrics-ttm/TSLA: Invalid FMP API key
2025-07-23 18:05:43,063 INFO Waiting 2.54 seconds before next request
2025-07-23 18:05:43,893 INFO Request count in current window: 4/30
2025-07-23 18:05:44,064 ERROR Unexpected error for ratios-ttm/AMZN: Invalid FMP API key
2025-07-23 18:05:44,064 INFO Waiting 2.97 seconds before next request
2025-07-23 18:05:45,607 INFO Request count in current window: 5/30
2025-07-23 18:05:45,794 ERROR Unexpected error for ratios-ttm/TSLA: Invalid FMP API key
2025-07-23 18:05:45,794 INFO Waiting 2.90 seconds before next request
2025-07-23 18:05:47,037 INFO Request count in current window: 6/30
2025-07-23 18:05:47,222 ERROR Unexpected error for market-sentiment/AMZN: Invalid FMP API key
2025-07-23 18:05:47,223 INFO Waiting 2.08 seconds before next request
2025-07-23 18:05:48,699 INFO Request count in current window: 7/30
2025-07-23 18:05:48,878 ERROR Unexpected error for market-sentiment/TSLA: Invalid FMP API key
2025-07-23 18:05:48,878 INFO Waiting 2.88 seconds before next request
2025-07-23 18:05:49,310 INFO Request count in current window: 8/30
2025-07-23 18:05:49,478 ERROR Unexpected error for financial-growth-ttm/AMZN: Invalid FMP API key
2025-07-23 18:05:49,478 ERROR Error fetching data for AMZN: 'NoneType' object is not subscriptable
2025-07-23 18:05:51,759 INFO Request count in current window: 9/30
2025-07-23 18:05:51,973 ERROR Unexpected error for financial-growth-ttm/TSLA: Invalid FMP API key
2025-07-23 18:05:51,973 ERROR Error fetching data for TSLA: 'NoneType' object is not subscriptable
2025-07-23 18:05:51,974 INFO Retry 1: Processing 5 failed tickers
2025-07-23 18:06:51,987 INFO Rate limit window reset
2025-07-23 18:06:51,989 INFO Waiting 2.79 seconds before next request
2025-07-23 18:06:51,989 INFO Waiting 2.19 seconds before next request
2025-07-23 18:06:51,990 INFO Waiting 2.81 seconds before next request
2025-07-23 18:06:54,191 INFO Request count in current window: 1/30
2025-07-23 18:06:54,784 INFO Request count in current window: 2/30
2025-07-23 18:06:54,798 INFO Request count in current window: 3/30
2025-07-23 18:06:55,125 ERROR Unexpected error for profile/MSFT: Invalid FMP API key
2025-07-23 18:06:55,126 INFO Waiting 2.91 seconds before next request
2025-07-23 18:06:55,486 WARNING Connection pool is full, discarding connection: financialmodelingprep.com. Connection pool size: 1
2025-07-23 18:06:55,486 WARNING Connection pool is full, discarding connection: financialmodelingprep.com. Connection pool size: 1
2025-07-23 18:06:55,486 ERROR Unexpected error for profile/AAPL: Invalid FMP API key
2025-07-23 18:06:55,487 ERROR Unexpected error for profile/GOOGL: Invalid FMP API key
2025-07-23 18:06:55,487 INFO Waiting 2.44 seconds before next request
2025-07-23 18:06:55,487 INFO Waiting 2.19 seconds before next request
2025-07-23 18:06:57,683 INFO Request count in current window: 4/30
2025-07-23 18:06:57,902 ERROR Unexpected error for balance-sheet-statement/GOOGL: Invalid FMP API key
2025-07-23 18:06:57,902 INFO Waiting 2.45 seconds before next request
2025-07-23 18:06:57,929 INFO Request count in current window: 5/30
2025-07-23 18:06:58,034 INFO Request count in current window: 6/30
2025-07-23 18:06:58,110 ERROR Unexpected error for balance-sheet-statement/AAPL: Invalid FMP API key
2025-07-23 18:06:58,110 INFO Waiting 2.92 seconds before next request
2025-07-23 18:06:58,720 WARNING Connection pool is full, discarding connection: financialmodelingprep.com. Connection pool size: 1
2025-07-23 18:06:58,720 ERROR Unexpected error for balance-sheet-statement/MSFT: Invalid FMP API key
2025-07-23 18:06:58,721 INFO Waiting 2.25 seconds before next request
2025-07-23 18:07:00,352 INFO Request count in current window: 7/30
2025-07-23 18:07:00,549 ERROR Unexpected error for income-statement/GOOGL: Invalid FMP API key
2025-07-23 18:07:00,550 INFO Waiting 2.38 seconds before next request
2025-07-23 18:07:00,974 INFO Request count in current window: 8/30
2025-07-23 18:07:01,029 INFO Request count in current window: 9/30
2025-07-23 18:07:01,178 ERROR Unexpected error for income-statement/MSFT: Invalid FMP API key
2025-07-23 18:07:01,178 INFO Waiting 2.16 seconds before next request
2025-07-23 18:07:01,753 WARNING Connection pool is full, discarding connection: financialmodelingprep.com. Connection pool size: 1
2025-07-23 18:07:01,753 ERROR Unexpected error for income-statement/AAPL: Invalid FMP API key
2025-07-23 18:07:01,753 INFO Waiting 2.17 seconds before next request
2025-07-23 18:07:02,934 INFO Request count in current window: 10/30
2025-07-23 18:07:03,117 ERROR Unexpected error for cash-flow-statement/GOOGL: Invalid FMP API key
2025-07-23 18:07:03,118 INFO Waiting 2.89 seconds before next request
2025-07-23 18:07:03,339 INFO Request count in current window: 11/30
2025-07-23 18:07:03,529 ERROR Unexpected error for cash-flow-statement/MSFT: Invalid FMP API key
2025-07-23 18:07:03,529 INFO Waiting 2.71 seconds before next request
2025-07-23 18:07:03,922 INFO Request count in current window: 12/30
2025-07-23 18:07:04,096 ERROR Unexpected error for cash-flow-statement/AAPL: Invalid FMP API key
2025-07-23 18:07:04,096 INFO Waiting 2.58 seconds before next request
2025-07-23 18:07:06,006 INFO Request count in current window: 13/30
2025-07-23 18:07:06,197 ERROR Unexpected error for key-metrics-ttm/GOOGL: Invalid FMP API key
2025-07-23 18:07:06,198 INFO Waiting 3.00 seconds before next request
2025-07-23 18:07:06,245 INFO Request count in current window: 14/30
2025-07-23 18:07:06,429 ERROR Unexpected error for key-metrics-ttm/MSFT: Invalid FMP API key
2025-07-23 18:07:06,429 INFO Waiting 2.81 seconds before next request
2025-07-23 18:07:06,682 INFO Request count in current window: 15/30
2025-07-23 18:07:06,862 ERROR Unexpected error for key-metrics-ttm/AAPL: Invalid FMP API key
2025-07-23 18:07:06,862 INFO Waiting 2.52 seconds before next request
2025-07-23 18:07:09,198 INFO Request count in current window: 16/30
2025-07-23 18:07:09,238 INFO Request count in current window: 17/30
2025-07-23 18:07:09,369 ERROR Unexpected error for ratios-ttm/GOOGL: Invalid FMP API key
2025-07-23 18:07:09,369 INFO Waiting 2.57 seconds before next request
2025-07-23 18:07:09,381 INFO Request count in current window: 18/30
2025-07-23 18:07:09,560 ERROR Unexpected error for ratios-ttm/AAPL: Invalid FMP API key
2025-07-23 18:07:09,561 INFO Waiting 2.39 seconds before next request
2025-07-23 18:07:09,934 WARNING Connection pool is full, discarding connection: financialmodelingprep.com. Connection pool size: 1
2025-07-23 18:07:09,935 ERROR Unexpected error for ratios-ttm/MSFT: Invalid FMP API key
2025-07-23 18:07:09,935 INFO Waiting 2.98 seconds before next request
2025-07-23 18:07:11,938 INFO Request count in current window: 19/30
2025-07-23 18:07:11,958 INFO Request count in current window: 20/30
2025-07-23 18:07:12,122 ERROR Unexpected error for market-sentiment/GOOGL: Invalid FMP API key
2025-07-23 18:07:12,123 INFO Waiting 2.95 seconds before next request
2025-07-23 18:07:12,675 WARNING Connection pool is full, discarding connection: financialmodelingprep.com. Connection pool size: 1
2025-07-23 18:07:12,675 ERROR Unexpected error for market-sentiment/AAPL: Invalid FMP API key
2025-07-23 18:07:12,676 INFO Waiting 2.82 seconds before next request
2025-07-23 18:07:12,918 INFO Request count in current window: 21/30
2025-07-23 18:07:13,116 ERROR Unexpected error for market-sentiment/MSFT: Invalid FMP API key
2025-07-23 18:07:13,116 INFO Waiting 2.10 seconds before next request
2025-07-23 18:07:15,076 INFO Request count in current window: 22/30
2025-07-23 18:07:15,222 INFO Request count in current window: 23/30
2025-07-23 18:07:15,245 ERROR Unexpected error for financial-growth-ttm/GOOGL: Invalid FMP API key
2025-07-23 18:07:15,245 ERROR Error fetching data for GOOGL: 'NoneType' object is not subscriptable
2025-07-23 18:07:15,246 INFO Waiting 2.60 seconds before next request
2025-07-23 18:07:15,503 INFO Request count in current window: 24/30
2025-07-23 18:07:15,690 ERROR Unexpected error for financial-growth-ttm/AAPL: Invalid FMP API key
2025-07-23 18:07:15,690 ERROR Error fetching data for AAPL: 'NoneType' object is not subscriptable
2025-07-23 18:07:15,692 INFO Waiting 2.79 seconds before next request
2025-07-23 18:07:16,034 WARNING Connection pool is full, discarding connection: financialmodelingprep.com. Connection pool size: 1
2025-07-23 18:07:16,034 ERROR Unexpected error for financial-growth-ttm/MSFT: Invalid FMP API key
2025-07-23 18:07:16,035 ERROR Error fetching data for MSFT: 'NoneType' object is not subscriptable
2025-07-23 18:07:17,853 INFO Request count in current window: 25/30
2025-07-23 18:07:18,045 ERROR Unexpected error for profile/AMZN: Invalid FMP API key
2025-07-23 18:07:18,045 INFO Waiting 2.46 seconds before next request
2025-07-23 18:07:18,489 INFO Request count in current window: 26/30
2025-07-23 18:07:18,696 ERROR Unexpected error for profile/TSLA: Invalid FMP API key
2025-07-23 18:07:18,696 INFO Waiting 2.76 seconds before next request
2025-07-23 18:07:20,506 INFO Request count in current window: 27/30
2025-07-23 18:07:20,695 ERROR Unexpected error for balance-sheet-statement/AMZN: Invalid FMP API key
2025-07-23 18:07:20,696 INFO Waiting 2.22 seconds before next request
2025-07-23 18:07:21,460 INFO Request count in current window: 28/30
2025-07-23 18:07:21,652 ERROR Unexpected error for balance-sheet-statement/TSLA: Invalid FMP API key
2025-07-23 18:07:21,653 INFO Waiting 2.95 seconds before next request
2025-07-23 18:07:22,917 INFO Request count in current window: 29/30
2025-07-23 18:07:23,098 ERROR Unexpected error for income-statement/AMZN: Invalid FMP API key
2025-07-23 18:07:23,099 INFO Waiting 2.40 seconds before next request
2025-07-23 18:07:24,606 INFO Request count in current window: 30/30
2025-07-23 18:07:24,809 ERROR Unexpected error for income-statement/TSLA: Invalid FMP API key
2025-07-23 18:07:24,809 WARNING Rate limit reached, sleeping 27.18 seconds
2025-07-23 18:07:25,500 INFO Request count in current window: 31/30
2025-07-23 18:07:25,736 ERROR Unexpected error for cash-flow-statement/AMZN: Invalid FMP API key
2025-07-23 18:07:25,736 WARNING Rate limit reached, sleeping 26.25 seconds
2025-07-23 18:07:51,990 INFO Cooldown complete
2025-07-23 18:07:51,991 INFO Cooldown complete
2025-07-23 18:07:51,992 INFO Waiting 2.60 seconds before next request
2025-07-23 18:07:51,992 INFO Waiting 2.89 seconds before next request
2025-07-23 18:07:54,601 INFO Request count in current window: 1/30
2025-07-23 18:07:54,812 ERROR Unexpected error for key-metrics-ttm/AMZN: Invalid FMP API key
2025-07-23 18:07:54,813 INFO Waiting 2.76 seconds before next request
2025-07-23 18:07:54,885 INFO Request count in current window: 2/30
2025-07-23 18:07:55,069 ERROR Unexpected error for cash-flow-statement/TSLA: Invalid FMP API key
2025-07-23 18:07:55,069 INFO Waiting 2.32 seconds before next request
2025-07-23 18:07:57,394 INFO Request count in current window: 3/30
2025-07-23 18:07:57,577 INFO Request count in current window: 4/30
2025-07-23 18:07:57,619 ERROR Unexpected error for key-metrics-ttm/TSLA: Invalid FMP API key
2025-07-23 18:07:57,619 INFO Waiting 2.98 seconds before next request
2025-07-23 18:07:58,238 WARNING Connection pool is full, discarding connection: financialmodelingprep.com. Connection pool size: 1
2025-07-23 18:07:58,238 ERROR Unexpected error for ratios-ttm/AMZN: Invalid FMP API key
2025-07-23 18:07:58,238 INFO Waiting 2.62 seconds before next request
2025-07-23 18:08:00,602 INFO Request count in current window: 5/30
2025-07-23 18:08:00,853 ERROR Unexpected error for ratios-ttm/TSLA: Invalid FMP API key
2025-07-23 18:08:00,854 INFO Waiting 2.97 seconds before next request
2025-07-23 18:08:00,859 INFO Request count in current window: 6/30
2025-07-23 18:08:01,027 ERROR Unexpected error for market-sentiment/AMZN: Invalid FMP API key
2025-07-23 18:08:01,027 INFO Waiting 2.51 seconds before next request
2025-07-23 18:08:03,543 INFO Request count in current window: 7/30
2025-07-23 18:08:03,727 ERROR Unexpected error for financial-growth-ttm/AMZN: Invalid FMP API key
2025-07-23 18:08:03,727 ERROR Error fetching data for AMZN: 'NoneType' object is not subscriptable
2025-07-23 18:08:03,828 INFO Request count in current window: 8/30
2025-07-23 18:08:04,022 ERROR Unexpected error for market-sentiment/TSLA: Invalid FMP API key
2025-07-23 18:08:04,023 INFO Waiting 2.69 seconds before next request
2025-07-23 18:08:06,718 INFO Request count in current window: 9/30
2025-07-23 18:08:06,896 ERROR Unexpected error for financial-growth-ttm/TSLA: Invalid FMP API key
2025-07-23 18:08:06,897 ERROR Error fetching data for TSLA: 'NoneType' object is not subscriptable
2025-07-23 18:08:06,898 INFO Retry 2: Processing 5 failed tickers
2025-07-23 18:16:23,819 INFO Processing batch 1 of 1
2025-07-23 18:16:23,877 INFO ✅ Successfully fetched data for AAPL
2025-07-23 18:16:26,892 WARNING Connection pool is full, discarding connection: financialmodelingprep.com. Connection pool size: 1
2025-07-23 18:16:26,894 ERROR Error saving cache: dictionary changed size during iteration
2025-07-23 18:16:27,504 WARNING Connection pool is full, discarding connection: financialmodelingprep.com. Connection pool size: 1
2025-07-23 18:16:30,304 WARNING Connection pool is full, discarding connection: financialmodelingprep.com. Connection pool size: 1
2025-07-23 18:16:30,304 WARNING Connection pool is full, discarding connection: financialmodelingprep.com. Connection pool size: 1
2025-07-23 18:16:33,190 WARNING Connection pool is full, discarding connection: financialmodelingprep.com. Connection pool size: 1
2025-07-23 18:16:36,335 WARNING Connection pool is full, discarding connection: financialmodelingprep.com. Connection pool size: 1
2025-07-23 18:16:41,055 WARNING Connection pool is full, discarding connection: financialmodelingprep.com. Connection pool size: 1
2025-07-23 18:16:45,597 INFO ✅ Successfully fetched data for GOOGL
2025-07-23 18:16:46,552 INFO ✅ Successfully fetched data for AMZN
2025-07-23 18:16:47,415 INFO ✅ Successfully fetched data for MSFT
2025-07-23 18:17:06,736 INFO ✅ Successfully fetched data for TSLA
2025-07-23 18:17:06,740 INFO Progress: 5/5 stocks processed
2025-07-23 18:17:06,741 INFO Processing batch 1 of 1
2025-07-23 18:17:15,862 WARNING Connection pool is full, discarding connection: financialmodelingprep.com. Connection pool size: 1
2025-07-23 18:17:16,147 WARNING Connection pool is full, discarding connection: financialmodelingprep.com. Connection pool size: 1
2025-07-23 18:17:19,148 WARNING Connection pool is full, discarding connection: financialmodelingprep.com. Connection pool size: 1
2025-07-23 18:17:24,784 WARNING Connection pool is full, discarding connection: financialmodelingprep.com. Connection pool size: 1
2025-07-23 18:17:26,785 WARNING Connection pool is full, discarding connection: financialmodelingprep.com. Connection pool size: 1
2025-07-23 18:17:28,503 WARNING Connection pool is full, discarding connection: financialmodelingprep.com. Connection pool size: 1
2025-07-23 18:17:30,810 INFO ✅ Successfully fetched data for META
2025-07-23 18:17:30,998 INFO ✅ Successfully fetched data for BRK-B
2025-07-23 18:17:31,469 INFO ✅ Successfully fetched data for NVDA
2025-07-23 18:17:37,139 WARNING Connection pool is full, discarding connection: financialmodelingprep.com. Connection pool size: 1
2025-07-23 18:17:46,001 WARNING Connection pool is full, discarding connection: financialmodelingprep.com. Connection pool size: 1
2025-07-23 18:17:53,343 INFO ✅ Successfully fetched data for JNJ
2025-07-23 18:17:56,585 INFO ✅ Successfully fetched data for JPM
2025-07-23 18:17:56,589 INFO Progress: 5/5 stocks processed
2025-07-23 18:17:56,589 INFO Processing batch 1 of 1
2025-07-23 18:17:59,936 WARNING Connection pool is full, discarding connection: financialmodelingprep.com. Connection pool size: 1
2025-07-23 18:18:05,722 WARNING Connection pool is full, discarding connection: financialmodelingprep.com. Connection pool size: 1
2025-07-23 18:18:10,943 WARNING Connection pool is full, discarding connection: financialmodelingprep.com. Connection pool size: 1
2025-07-23 18:18:14,436 WARNING Connection pool is full, discarding connection: financialmodelingprep.com. Connection pool size: 1
2025-07-23 18:18:18,894 INFO ✅ Successfully fetched data for UNH
2025-07-23 18:18:19,465 INFO ✅ Successfully fetched data for V
2025-07-23 18:18:20,606 INFO ✅ Successfully fetched data for PG
2025-07-23 18:18:28,328 WARNING Connection pool is full, discarding connection: financialmodelingprep.com. Connection pool size: 1
2025-07-23 18:18:41,349 INFO ✅ Successfully fetched data for MA
2025-07-23 18:18:45,804 INFO ✅ Successfully fetched data for HD
2025-07-23 18:18:45,822 INFO Progress: 5/5 stocks processed
2025-07-23 18:18:45,823 INFO Processing batch 1 of 1
2025-07-23 18:18:49,209 WARNING Connection pool is full, discarding connection: financialmodelingprep.com. Connection pool size: 1
2025-07-23 18:18:49,255 WARNING Connection pool is full, discarding connection: financialmodelingprep.com. Connection pool size: 1
2025-07-23 18:18:52,155 WARNING Connection pool is full, discarding connection: financialmodelingprep.com. Connection pool size: 1
2025-07-23 18:18:52,528 WARNING Connection pool is full, discarding connection: financialmodelingprep.com. Connection pool size: 1
2025-07-23 18:18:55,599 WARNING Connection pool is full, discarding connection: financialmodelingprep.com. Connection pool size: 1
2025-07-23 18:18:58,838 WARNING Connection pool is full, discarding connection: financialmodelingprep.com. Connection pool size: 1
2025-07-23 18:19:02,677 WARNING Connection pool is full, discarding connection: financialmodelingprep.com. Connection pool size: 1
2025-07-23 18:19:05,328 WARNING Connection pool is full, discarding connection: financialmodelingprep.com. Connection pool size: 1
2025-07-23 18:19:08,309 WARNING Connection pool is full, discarding connection: financialmodelingprep.com. Connection pool size: 1
2025-07-23 18:19:08,315 ERROR Error saving cache: dictionary changed size during iteration
2025-07-23 18:19:08,316 INFO ✅ Successfully fetched data for PYPL
2025-07-23 18:19:10,074 INFO ✅ Successfully fetched data for DIS
2025-07-23 18:19:11,347 WARNING Connection pool is full, discarding connection: financialmodelingprep.com. Connection pool size: 1
2025-07-23 18:19:11,388 INFO ✅ Successfully fetched data for ADBE
2025-07-23 18:19:17,870 WARNING Connection pool is full, discarding connection: financialmodelingprep.com. Connection pool size: 1
2025-07-23 18:19:21,339 WARNING Connection pool is full, discarding connection: financialmodelingprep.com. Connection pool size: 1
2025-07-23 18:19:31,988 INFO ✅ Successfully fetched data for CRM
2025-07-23 18:19:32,553 INFO ✅ Successfully fetched data for NFLX
2025-07-23 18:19:32,555 INFO Progress: 5/5 stocks processed
2025-07-23 18:19:32,556 INFO Processing batch 1 of 1
2025-07-23 18:19:36,237 WARNING Connection pool is full, discarding connection: financialmodelingprep.com. Connection pool size: 1
2025-07-23 18:19:39,041 WARNING Connection pool is full, discarding connection: financialmodelingprep.com. Connection pool size: 1
2025-07-23 18:19:39,232 WARNING Connection pool is full, discarding connection: financialmodelingprep.com. Connection pool size: 1
2025-07-23 18:19:42,172 WARNING Connection pool is full, discarding connection: financialmodelingprep.com. Connection pool size: 1
2025-07-23 18:19:47,790 WARNING Connection pool is full, discarding connection: financialmodelingprep.com. Connection pool size: 1
2025-07-23 18:19:50,895 WARNING Connection pool is full, discarding connection: financialmodelingprep.com. Connection pool size: 1
2025-07-23 18:19:55,482 INFO ✅ Successfully fetched data for PFE
2025-07-23 18:19:55,716 INFO ✅ Successfully fetched data for CMCSA
2025-07-23 18:19:56,667 INFO ✅ Successfully fetched data for INTC
2025-07-23 18:20:16,754 INFO ✅ Successfully fetched data for TMO
2025-07-23 18:20:18,875 INFO ✅ Successfully fetched data for ABT
2025-07-23 18:20:18,893 INFO Progress: 5/5 stocks processed
2025-07-23 18:20:18,894 INFO Processing batch 1 of 1
2025-07-23 18:20:22,326 WARNING Connection pool is full, discarding connection: financialmodelingprep.com. Connection pool size: 1
2025-07-23 18:20:28,804 WARNING Connection pool is full, discarding connection: financialmodelingprep.com. Connection pool size: 1
2025-07-23 18:20:35,083 WARNING Connection pool is full, discarding connection: financialmodelingprep.com. Connection pool size: 1
2025-07-23 18:20:40,248 INFO ✅ Successfully fetched data for PEP
2025-07-23 18:20:53,352 ERROR Error fetching rating/AVGO: HTTPSConnectionPool(host='financialmodelingprep.com', port=443): Max retries exceeded with url: /api/v3/rating/AVGO?apikey=6938a361567d4c1ad6d79703535d07dd (Caused by ResponseError('too many 429 error responses'))
2025-07-23 18:20:55,003 ERROR Error fetching profile/COST: HTTPSConnectionPool(host='financialmodelingprep.com', port=443): Max retries exceeded with url: /api/v3/profile/COST?apikey=6938a361567d4c1ad6d79703535d07dd (Caused by ResponseError('too many 429 error responses'))
2025-07-23 18:20:55,461 ERROR Error fetching discounted-cash-flow/KO: HTTPSConnectionPool(host='financialmodelingprep.com', port=443): Max retries exceeded with url: /api/v3/discounted-cash-flow/KO?apikey=6938a361567d4c1ad6d79703535d07dd (Caused by ResponseError('too many 429 error responses'))
2025-07-23 18:20:55,463 INFO ✅ Successfully fetched data for KO
2025-07-23 18:21:09,250 ERROR Error fetching discounted-cash-flow/AVGO: HTTPSConnectionPool(host='financialmodelingprep.com', port=443): Max retries exceeded with url: /api/v3/discounted-cash-flow/AVGO?apikey=6938a361567d4c1ad6d79703535d07dd (Caused by ResponseError('too many 429 error responses'))
2025-07-23 18:21:09,258 INFO ✅ Successfully fetched data for AVGO
2025-07-23 18:21:10,289 ERROR Error fetching balance-sheet-statement/COST: HTTPSConnectionPool(host='financialmodelingprep.com', port=443): Max retries exceeded with url: /api/v3/balance-sheet-statement/COST?apikey=6938a361567d4c1ad6d79703535d07dd (Caused by ResponseError('too many 429 error responses'))
2025-07-23 18:21:11,052 ERROR Error fetching profile/DHR: HTTPSConnectionPool(host='financialmodelingprep.com', port=443): Max retries exceeded with url: /api/v3/profile/DHR?apikey=6938a361567d4c1ad6d79703535d07dd (Caused by ResponseError('too many 429 error responses'))
2025-07-23 18:21:25,246 ERROR Error fetching income-statement/COST: HTTPSConnectionPool(host='financialmodelingprep.com', port=443): Max retries exceeded with url: /api/v3/income-statement/COST?apikey=6938a361567d4c1ad6d79703535d07dd (Caused by ResponseError('too many 429 error responses'))
2025-07-23 18:21:25,936 ERROR Error fetching balance-sheet-statement/DHR: HTTPSConnectionPool(host='financialmodelingprep.com', port=443): Max retries exceeded with url: /api/v3/balance-sheet-statement/DHR?apikey=6938a361567d4c1ad6d79703535d07dd (Caused by ResponseError('too many 429 error responses'))
2025-07-23 18:21:41,010 ERROR Error fetching cash-flow-statement/COST: HTTPSConnectionPool(host='financialmodelingprep.com', port=443): Max retries exceeded with url: /api/v3/cash-flow-statement/COST?apikey=6938a361567d4c1ad6d79703535d07dd (Caused by ResponseError('too many 429 error responses'))
2025-07-23 18:21:41,714 ERROR Error fetching income-statement/DHR: HTTPSConnectionPool(host='financialmodelingprep.com', port=443): Max retries exceeded with url: /api/v3/income-statement/DHR?apikey=6938a361567d4c1ad6d79703535d07dd (Caused by ResponseError('too many 429 error responses'))
2025-07-23 18:21:55,968 ERROR Error fetching key-metrics-ttm/COST: HTTPSConnectionPool(host='financialmodelingprep.com', port=443): Max retries exceeded with url: /api/v3/key-metrics-ttm/COST?apikey=6938a361567d4c1ad6d79703535d07dd (Caused by ResponseError('too many 429 error responses'))
2025-07-23 18:21:57,327 ERROR Error fetching cash-flow-statement/DHR: HTTPSConnectionPool(host='financialmodelingprep.com', port=443): Max retries exceeded with url: /api/v3/cash-flow-statement/DHR?apikey=6938a361567d4c1ad6d79703535d07dd (Caused by ResponseError('too many 429 error responses'))
2025-07-23 18:22:11,780 ERROR Error fetching ratios-ttm/COST: HTTPSConnectionPool(host='financialmodelingprep.com', port=443): Max retries exceeded with url: /api/v3/ratios-ttm/COST?apikey=6938a361567d4c1ad6d79703535d07dd (Caused by ResponseError('too many 429 error responses'))
2025-07-23 18:22:12,635 ERROR Error fetching key-metrics-ttm/DHR: HTTPSConnectionPool(host='financialmodelingprep.com', port=443): Max retries exceeded with url: /api/v3/key-metrics-ttm/DHR?apikey=6938a361567d4c1ad6d79703535d07dd (Caused by ResponseError('too many 429 error responses'))
2025-07-23 18:22:15,941 WARNING Connection pool is full, discarding connection: financialmodelingprep.com. Connection pool size: 1
2025-07-23 18:25:55,587 INFO Fetching data for AAPL...
2025-07-23 18:25:55,588 INFO ✅ Successfully fetched data for AAPL
2025-07-23 18:25:55,588 INFO Fetching data for MSFT...
2025-07-23 18:25:55,588 INFO ✅ Successfully fetched data for MSFT
2025-07-23 18:25:55,588 INFO Fetching data for GOOGL...
2025-07-23 18:25:55,588 INFO ✅ Successfully fetched data for GOOGL
2025-07-23 18:29:10,195 INFO Fetching data for BRK-B...
2025-07-23 18:29:10,195 INFO ✅ Successfully fetched data for BRK-B
2025-07-23 18:29:10,195 INFO Fetching data for JNJ...
2025-07-23 18:29:10,195 INFO ✅ Successfully fetched data for JNJ
2025-07-23 18:29:10,196 INFO Fetching data for PG...
2025-07-23 18:29:10,196 INFO ✅ Successfully fetched data for PG
2025-07-23 18:29:10,196 INFO Fetching data for KO...
2025-07-23 18:29:29,836 ERROR Error fetching discounted-cash-flow/KO: HTTPSConnectionPool(host='financialmodelingprep.com', port=443): Max retries exceeded with url: /api/v3/discounted-cash-flow/KO?apikey=6938a361567d4c1ad6d79703535d07dd (Caused by ResponseError('too many 429 error responses'))
2025-07-23 18:29:29,838 INFO ✅ Successfully fetched data for KO
2025-07-23 18:29:29,838 INFO Fetching data for WMT...
2025-07-23 18:29:46,334 ERROR Error fetching profile/WMT: HTTPSConnectionPool(host='financialmodelingprep.com', port=443): Max retries exceeded with url: /api/v3/profile/WMT?apikey=6938a361567d4c1ad6d79703535d07dd (Caused by ResponseError('too many 429 error responses'))
2025-07-23 18:29:46,335 WARNING No profile data for WMT
2025-07-23 18:29:46,336 INFO Fetching data for JPM...
2025-07-23 18:29:46,336 INFO ✅ Successfully fetched data for JPM
2025-07-23 18:29:46,336 INFO Fetching data for BAC...
2025-07-23 18:30:03,841 ERROR Error fetching profile/BAC: HTTPSConnectionPool(host='financialmodelingprep.com', port=443): Max retries exceeded with url: /api/v3/profile/BAC?apikey=6938a361567d4c1ad6d79703535d07dd (Caused by ResponseError('too many 429 error responses'))
2025-07-23 18:30:03,842 WARNING No profile data for BAC
2025-07-23 18:30:03,842 INFO Fetching data for C...
2025-07-23 18:30:20,099 ERROR Error fetching profile/C: HTTPSConnectionPool(host='financialmodelingprep.com', port=443): Max retries exceeded with url: /api/v3/profile/C?apikey=6938a361567d4c1ad6d79703535d07dd (Caused by ResponseError('too many 429 error responses'))
2025-07-23 18:30:20,101 WARNING No profile data for C
2025-07-23 18:30:20,101 INFO Fetching data for XOM...
2025-07-23 18:30:36,181 ERROR Error fetching profile/XOM: HTTPSConnectionPool(host='financialmodelingprep.com', port=443): Max retries exceeded with url: /api/v3/profile/XOM?apikey=6938a361567d4c1ad6d79703535d07dd (Caused by ResponseError('too many 429 error responses'))
2025-07-23 18:30:36,182 WARNING No profile data for XOM
2025-07-23 18:30:36,182 INFO Fetching data for CVX...
2025-07-23 18:30:51,994 ERROR Error fetching profile/CVX: HTTPSConnectionPool(host='financialmodelingprep.com', port=443): Max retries exceeded with url: /api/v3/profile/CVX?apikey=6938a361567d4c1ad6d79703535d07dd (Caused by ResponseError('too many 429 error responses'))
2025-07-23 18:30:51,996 WARNING No profile data for CVX
2025-07-26 16:59:49,881 INFO Fetching data for AAPL...
2025-07-26 17:18:21,073 INFO Fetching data for AAPL...
2025-07-26 17:24:02,853 INFO Fetching data for AAPL...
2025-07-26 17:24:12,881 ERROR Error saving cache: API call timed out
2025-07-26 17:39:45,895 INFO Fetching data for AAPL...
